10.50.251.3
========================================================
Word2Vec Training Job
========================================================
Job ID: 47645144
Job started at: Thu Mar 26 10:18:18 CDT 2026
Running on node: midway3-0259.rcc.local
Number of tasks (workers): 16
Memory allocated: 80GB

Configuration:
  Input file: /project/ssd-stu-research/ploertscher/thesis_code/w2v/data/clean_final_en.csv
  Output model: /project/ssd-stu-research/ploertscher/thesis_code/w2v/models/2_w2v_min10
  Vector size: 300
  Window: 8
  Min count: 10
  Epochs: 10
  Workers: 16
========================================================

Running command:
python train_w2v_cpu.py     --input /project/ssd-stu-research/ploertscher/thesis_code/w2v/data/clean_final_en.csv     --output /project/ssd-stu-research/ploertscher/thesis_code/w2v/models/2_w2v_min10     --vector-size 300     --window 8     --min-count 10     --epochs 10     --negative 5     --workers 16     --seed 42     --text-column cleaned_text     --min-sentence-length 2 --plot --verbose


========================================================
Job completed at: Thu Mar 26 12:20:28 CDT 2026
========================================================
