10.50.251.5
Job ID: 44956781
Job started at: Mon Feb  2 12:10:08 CST 2026
Running on node: midway3-0261.rcc.local
Number of tasks (parallel processes): 14
Memory allocated: 80GB
[INFO] Starting preprocessing pipeline for English data
[INFO] Input: /project/ssd-stu-research/ploertscher/thesis_code/text-processing/data/full_filt/4_posts_og_content_en.csv
[INFO] Output: /project/ssd-stu-research/ploertscher/thesis_code/w2v/data/clean_final_en.csv
[INFO] Output directory created/verified: /project/ssd-stu-research/ploertscher/thesis_code/w2v/data
[INFO] Loading data from CSV...
[INFO] Loaded 11,912,391 rows
[INFO] Columns: ['posts_id', 'content']
[INFO] Cleaning text data with parallel processing...
[INFO] Using 14 parallel processes
[INFO] Split data into 14 chunks of ~850,885 rows each
[INFO] Starting parallel processing...
[INFO] Loaded 300 entity variations from /project/ssd-stu-research/ploertscher/thesis_code/R/entities/entities_mapping_2.json
[INFO] Loaded 24 stopwords from /project/ssd-stu-research/ploertscher/thesis_code/w2v/preprocessing/stopwords_en.py
[INFO] Chunk 8 completed: 850,885 rows processed
[INFO] Loaded 300 entity variations from /project/ssd-stu-research/ploertscher/thesis_code/R/entities/entities_mapping_2.json
[INFO] Loaded 24 stopwords from /project/ssd-stu-research/ploertscher/thesis_code/w2v/preprocessing/stopwords_en.py
[INFO] Chunk 2 completed: 850,885 rows processed
[INFO] Loaded 300 entity variations from /project/ssd-stu-research/ploertscher/thesis_code/R/entities/entities_mapping_2.json
[INFO] Loaded 24 stopwords from /project/ssd-stu-research/ploertscher/thesis_code/w2v/preprocessing/stopwords_en.py
[INFO] Chunk 3 completed: 850,885 rows processed
[INFO] Loaded 300 entity variations from /project/ssd-stu-research/ploertscher/thesis_code/R/entities/entities_mapping_2.json
[INFO] Loaded 24 stopwords from /project/ssd-stu-research/ploertscher/thesis_code/w2v/preprocessing/stopwords_en.py
[INFO] Chunk 4 completed: 850,885 rows processed
[INFO] Loaded 300 entity variations from /project/ssd-stu-research/ploertscher/thesis_code/R/entities/entities_mapping_2.json
[INFO] Loaded 24 stopwords from /project/ssd-stu-research/ploertscher/thesis_code/w2v/preprocessing/stopwords_en.py
[INFO] Chunk 11 completed: 850,885 rows processed
[INFO] Loaded 300 entity variations from /project/ssd-stu-research/ploertscher/thesis_code/R/entities/entities_mapping_2.json
[INFO] Loaded 24 stopwords from /project/ssd-stu-research/ploertscher/thesis_code/w2v/preprocessing/stopwords_en.py
[INFO] Chunk 13 completed: 850,885 rows processed
[INFO] Loaded 300 entity variations from /project/ssd-stu-research/ploertscher/thesis_code/R/entities/entities_mapping_2.json
[INFO] Loaded 24 stopwords from /project/ssd-stu-research/ploertscher/thesis_code/w2v/preprocessing/stopwords_en.py
[INFO] Chunk 5 completed: 850,885 rows processed
[INFO] Loaded 300 entity variations from /project/ssd-stu-research/ploertscher/thesis_code/R/entities/entities_mapping_2.json
[INFO] Loaded 24 stopwords from /project/ssd-stu-research/ploertscher/thesis_code/w2v/preprocessing/stopwords_en.py
[INFO] Chunk 9 completed: 850,885 rows processed
[INFO] Loaded 300 entity variations from /project/ssd-stu-research/ploertscher/thesis_code/R/entities/entities_mapping_2.json
[INFO] Loaded 24 stopwords from /project/ssd-stu-research/ploertscher/thesis_code/w2v/preprocessing/stopwords_en.py
[INFO] Chunk 1 completed: 850,885 rows processed
[INFO] Loaded 300 entity variations from /project/ssd-stu-research/ploertscher/thesis_code/R/entities/entities_mapping_2.json
[INFO] Loaded 24 stopwords from /project/ssd-stu-research/ploertscher/thesis_code/w2v/preprocessing/stopwords_en.py
[INFO] Chunk 7 completed: 850,885 rows processed
[INFO] Loaded 300 entity variations from /project/ssd-stu-research/ploertscher/thesis_code/R/entities/entities_mapping_2.json
[INFO] Loaded 24 stopwords from /project/ssd-stu-research/ploertscher/thesis_code/w2v/preprocessing/stopwords_en.py
[INFO] Chunk 10 completed: 850,885 rows processed
[INFO] Loaded 300 entity variations from /project/ssd-stu-research/ploertscher/thesis_code/R/entities/entities_mapping_2.json
[INFO] Loaded 24 stopwords from /project/ssd-stu-research/ploertscher/thesis_code/w2v/preprocessing/stopwords_en.py
[INFO] Chunk 6 completed: 850,885 rows processed
[INFO] Loaded 300 entity variations from /project/ssd-stu-research/ploertscher/thesis_code/R/entities/entities_mapping_2.json
[INFO] Loaded 24 stopwords from /project/ssd-stu-research/ploertscher/thesis_code/w2v/preprocessing/stopwords_en.py
[INFO] Chunk 12 completed: 850,885 rows processed
[INFO] Loaded 300 entity variations from /project/ssd-stu-research/ploertscher/thesis_code/R/entities/entities_mapping_2.json
[INFO] Loaded 24 stopwords from /project/ssd-stu-research/ploertscher/thesis_code/w2v/preprocessing/stopwords_en.py
[INFO] Chunk 14 completed: 850,886 rows processed
[INFO] Combining 14 processed chunks...
[INFO] Filtered out 2,436 rows with < 3 tokens (0.0% of data)
[INFO] Retained 11,909,955 rows (100.0% of data)
[INFO] Saving cleaned data to CSV...
[SUCCESS] Preprocessing complete!
[INFO] Total rows: 11,909,955
[INFO] Rows with cleaned text: 11,909,955
[INFO] Rows with empty cleaned text: 0
[INFO] Output file: /project/ssd-stu-research/ploertscher/thesis_code/w2v/data/clean_final_en.csv
[INFO] All original columns (including IDs) preserved
Job completed at: Mon Feb  2 12:27:37 CST 2026
